20:30:10 **** Incremental Build of configuration Debug for project interactive ****
make -j9 all 
arm-none-eabi-g++ "../Core/Src/main.cpp" -mcpu=cortex-m4 -std=gnu++20 -DDEBUG -DUSE_HAL_DRIVER -DSTM32F407xx -c -I../Core/Inc -I../Drivers/STM32F4xx_HAL_Driver/Inc -I../Drivers/STM32F4xx_HAL_Driver/Inc/Legacy -I../Drivers/CMSIS/Device/ST/STM32F4xx/Include -I../Drivers/CMSIS/Include -I../USB_DEVICE/App -I../USB_DEVICE/Target -I../Middlewares/ST/STM32_USB_Device_Library/Core/Inc -I../Middlewares/ST/STM32_USB_Device_Library/Class/CDC/Inc -O0 -ffunction-sections -fdata-sections -fno-exceptions -fno-rtti -fno-use-cxa-atexit -Wall -fstack-usage -fcyclomatic-complexity -MMD -MP -MF"Core/Src/main.d" -MT"Core/Src/main.o" --specs=nano.specs -mfpu=fpv4-sp-d16 -mfloat-abi=hard -mthumb -o "Core/Src/main.o"
arm-none-eabi-g++ "../Core/Src/spi.cpp" -mcpu=cortex-m4 -std=gnu++20 -DDEBUG -DUSE_HAL_DRIVER -DSTM32F407xx -c -I../Core/Inc -I../Drivers/STM32F4xx_HAL_Driver/Inc -I../Drivers/STM32F4xx_HAL_Driver/Inc/Legacy -I../Drivers/CMSIS/Device/ST/STM32F4xx/Include -I../Drivers/CMSIS/Include -I../USB_DEVICE/App -I../USB_DEVICE/Target -I../Middlewares/ST/STM32_USB_Device_Library/Core/Inc -I../Middlewares/ST/STM32_USB_Device_Library/Class/CDC/Inc -O0 -ffunction-sections -fdata-sections -fno-exceptions -fno-rtti -fno-use-cxa-atexit -Wall -fstack-usage -fcyclomatic-complexity -MMD -MP -MF"Core/Src/spi.d" -MT"Core/Src/spi.o" --specs=nano.specs -mfpu=fpv4-sp-d16 -mfloat-abi=hard -mthumb -o "Core/Src/spi.o"
In file included from ../Drivers/CMSIS/Include/core_cm4.h:1960,
                 from ../Drivers/CMSIS/Device/ST/STM32F4xx/Include/stm32f407xx.h:166,
                 from ../Drivers/CMSIS/Device/ST/STM32F4xx/Include/stm32f4xx.h:132,
                 from ../Drivers/STM32F4xx_HAL_Driver/Inc/stm32f4xx_hal_def.h:29,
                 from ../Drivers/STM32F4xx_HAL_Driver/Inc/stm32f4xx_hal_rcc.h:27,
                 from ../Core/Inc/stm32f4xx_hal_conf.h:275,
                 from ../Drivers/STM32F4xx_HAL_Driver/Inc/stm32f4xx_hal.h:29,
                 from ../Core/Inc/main.h:30,
                 from ../Core/Src/spi.cpp:2:
../Drivers/CMSIS/Include/mpu_armv7.h: In function 'void ARM_MPU_Enable(uint32_t)':
../Drivers/CMSIS/Include/mpu_armv7.h:194:14: warning: compound assignment with 'volatile'-qualified left operand is deprecated [-Wvolatile]
  194 |   SCB->SHCSR |= SCB_SHCSR_MEMFAULTENA_Msk;
In file included from ../Drivers/CMSIS/Include/core_cm4.h:1960,
                 from ../Drivers/CMSIS/Device/ST/STM32F4xx/Include/stm32f407xx.h:166,
                 from ../Drivers/CMSIS/Device/ST/STM32F4xx/Include/stm32f4xx.h:132,
                 from ../Drivers/STM32F4xx_HAL_Driver/Inc/stm32f4xx_hal_def.h:29,
                 from ../Drivers/STM32F4xx_HAL_Driver/Inc/stm32f4xx_hal_rcc.h:27,
                 from ../Core/Inc/stm32f4xx_hal_conf.h:275,
                 from ../Drivers/STM32F4xx_HAL_Driver/Inc/stm32f4xx_hal.h:29,
                 from ../Core/Inc/main.h:30,
                 from ../Core/Src/main.cpp:20:
../Drivers/CMSIS/Include/mpu_armv7.h: In function 'void ARM_MPU_Enable(uint32_t)':
../Drivers/CMSIS/Include/mpu_armv7.h:194:14: warning: compound assignment with 'volatile'-qualified left operand is deprecated [-Wvolatile]
  194 |   SCB->SHCSR |= SCB_SHCSR_MEMFAULTENA_Msk;
../Drivers/CMSIS/Include/mpu_armv7.h: In function 'void ARM_MPU_Disable()':
../Drivers/CMSIS/Include/mpu_armv7.h:205:14: warning: compound assignment with 'volatile'-qualified left operand is deprecated [-Wvolatile]
  205 |   SCB->SHCSR &= ~SCB_SHCSR_MEMFAULTENA_Msk;
../Drivers/CMSIS/Include/mpu_armv7.h: In function 'void ARM_MPU_Disable()':
../Drivers/CMSIS/Include/mpu_armv7.h:205:14: warning: compound assignment with 'volatile'-qualified left operand is deprecated [-Wvolatile]
  205 |   SCB->SHCSR &= ~SCB_SHCSR_MEMFAULTENA_Msk;
../Drivers/CMSIS/Include/mpu_armv7.h:207:14: warning: compound assignment with 'volatile'-qualified left operand is deprecated [-Wvolatile]
  207 |   MPU->CTRL  &= ~MPU_CTRL_ENABLE_Msk;
../Drivers/CMSIS/Include/mpu_armv7.h:207:14: warning: compound assignment with 'volatile'-qualified left operand is deprecated [-Wvolatile]
  207 |   MPU->CTRL  &= ~MPU_CTRL_ENABLE_Msk;
In file included from ../Drivers/STM32F4xx_HAL_Driver/Inc/stm32f4xx_hal_def.h:29,
                 from ../Drivers/STM32F4xx_HAL_Driver/Inc/stm32f4xx_hal_rcc.h:27,
                 from ../Core/Inc/stm32f4xx_hal_conf.h:275,
                 from ../Drivers/STM32F4xx_HAL_Driver/Inc/stm32f4xx_hal.h:29,
                 from ../Core/Inc/main.h:30,
                 from ../Core/Src/main.cpp:20:
../Core/Src/main.cpp: In function 'void SystemClock_Config()':
../Drivers/CMSIS/Device/ST/STM32F4xx/Include/stm32f4xx.h:211:38: warning: compound assignment with 'volatile'-qualified left operand is deprecated [-Wvolatile]
  211 | #define SET_BIT(REG, BIT)     ((REG) |= (BIT))
      |                                ~~~~~~^~~~~~~~
../Drivers/STM32F4xx_HAL_Driver/Inc/stm32f4xx_hal_rcc.h:512:41: note: in expansion of macro 'SET_BIT'
  512 |                                         SET_BIT(RCC->APB1ENR, RCC_APB1ENR_PWREN);\
      |                                         ^~~~~~~
../Core/Src/main.cpp:143:3: note: in expansion of macro '__HAL_RCC_PWR_CLK_ENABLE'
  143 |   __HAL_RCC_PWR_CLK_ENABLE();
      |   ^~~~~~~~~~~~~~~~~~~~~~~~
../Core/Src/main.cpp: In function 'void MX_GPIO_Init()':
../Drivers/CMSIS/Device/ST/STM32F4xx/Include/stm32f4xx.h:211:38: warning: compound assignment with 'volatile'-qualified left operand is deprecated [-Wvolatile]
  211 | #define SET_BIT(REG, BIT)     ((REG) |= (BIT))
      |                                ~~~~~~^~~~~~~~
../Drivers/STM32F4xx_HAL_Driver/Inc/stm32f4xx_hal_rcc_ex.h:2046:41: note: in expansion of macro 'SET_BIT'
 2046 |                                         SET_BIT(RCC->AHB1ENR, RCC_AHB1ENR_GPIOEEN);\
      |                                         ^~~~~~~
../Core/Src/main.cpp:350:3: note: in expansion of macro '__HAL_RCC_GPIOE_CLK_ENABLE'
  350 |   __HAL_RCC_GPIOE_CLK_ENABLE();
      |   ^~~~~~~~~~~~~~~~~~~~~~~~~~
../Drivers/CMSIS/Device/ST/STM32F4xx/Include/stm32f4xx.h:211:38: warning: compound assignment with 'volatile'-qualified left operand is deprecated [-Wvolatile]
  211 | #define SET_BIT(REG, BIT)     ((REG) |= (BIT))
      |                                ~~~~~~^~~~~~~~
../Drivers/STM32F4xx_HAL_Driver/Inc/stm32f4xx_hal_rcc.h:400:41: note: in expansion of macro 'SET_BIT'
  400 |                                         SET_BIT(RCC->AHB1ENR, RCC_AHB1ENR_GPIOCEN);\
      |                                         ^~~~~~~
../Core/Src/main.cpp:351:3: note: in expansion of macro '__HAL_RCC_GPIOC_CLK_ENABLE'
  351 |   __HAL_RCC_GPIOC_CLK_ENABLE();
      |   ^~~~~~~~~~~~~~~~~~~~~~~~~~
../Drivers/CMSIS/Device/ST/STM32F4xx/Include/stm32f4xx.h:211:38: warning: compound assignment with 'volatile'-qualified left operand is deprecated [-Wvolatile]
  211 | #define SET_BIT(REG, BIT)     ((REG) |= (BIT))
      |                                ~~~~~~^~~~~~~~
../Drivers/STM32F4xx_HAL_Driver/Inc/stm32f4xx_hal_rcc.h:407:41: note: in expansion of macro 'SET_BIT'
  407 |                                         SET_BIT(RCC->AHB1ENR, RCC_AHB1ENR_GPIOHEN);\
      |                                         ^~~~~~~
../Core/Src/main.cpp:352:3: note: in expansion of macro '__HAL_RCC_GPIOH_CLK_ENABLE'
  352 |   __HAL_RCC_GPIOH_CLK_ENABLE();
      |   ^~~~~~~~~~~~~~~~~~~~~~~~~~
../Drivers/CMSIS/Device/ST/STM32F4xx/Include/stm32f4xx.h:211:38: warning: compound assignment with 'volatile'-qualified left operand is deprecated [-Wvolatile]
  211 | #define SET_BIT(REG, BIT)     ((REG) |= (BIT))
      |                                ~~~~~~^~~~~~~~
../Drivers/STM32F4xx_HAL_Driver/Inc/stm32f4xx_hal_rcc.h:386:41: note: in expansion of macro 'SET_BIT'
  386 |                                         SET_BIT(RCC->AHB1ENR, RCC_AHB1ENR_GPIOAEN);\
      |                                         ^~~~~~~
../Core/Src/main.cpp:353:3: note: in expansion of macro '__HAL_RCC_GPIOA_CLK_ENABLE'
  353 |   __HAL_RCC_GPIOA_CLK_ENABLE();
      |   ^~~~~~~~~~~~~~~~~~~~~~~~~~
../Drivers/CMSIS/Device/ST/STM32F4xx/Include/stm32f4xx.h:211:38: warning: compound assignment with 'volatile'-qualified left operand is deprecated [-Wvolatile]
  211 | #define SET_BIT(REG, BIT)     ((REG) |= (BIT))
      |                                ~~~~~~^~~~~~~~
../Drivers/STM32F4xx_HAL_Driver/Inc/stm32f4xx_hal_rcc.h:393:41: note: in expansion of macro 'SET_BIT'
  393 |                                         SET_BIT(RCC->AHB1ENR, RCC_AHB1ENR_GPIOBEN);\
      |                                         ^~~~~~~
../Core/Src/main.cpp:354:3: note: in expansion of macro '__HAL_RCC_GPIOB_CLK_ENABLE'
  354 |   __HAL_RCC_GPIOB_CLK_ENABLE();
      |   ^~~~~~~~~~~~~~~~~~~~~~~~~~
../Drivers/CMSIS/Device/ST/STM32F4xx/Include/stm32f4xx.h:211:38: warning: compound assignment with 'volatile'-qualified left operand is deprecated [-Wvolatile]
  211 | #define SET_BIT(REG, BIT)     ((REG) |= (BIT))
      |                                ~~~~~~^~~~~~~~
../Drivers/STM32F4xx_HAL_Driver/Inc/stm32f4xx_hal_rcc_ex.h:2039:41: note: in expansion of macro 'SET_BIT'
 2039 |                                         SET_BIT(RCC->AHB1ENR, RCC_AHB1ENR_GPIODEN);\
      |                                         ^~~~~~~
../Core/Src/main.cpp:355:3: note: in expansion of macro '__HAL_RCC_GPIOD_CLK_ENABLE'
  355 |   __HAL_RCC_GPIOD_CLK_ENABLE();
      |   ^~~~~~~~~~~~~~~~~~~~~~~~~~
arm-none-eabi-g++ -o "interactive.elf" @"objects.list"   -mcpu=cortex-m4 -T"/Users/deep/build/tf/stm32/stm32-cli-template/interactive/STM32F407VGTX_FLASH.ld" --specs=nosys.specs -Wl,-Map="interactive.map" -Wl,--gc-sections -static --specs=nano.specs -mfpu=fpv4-sp-d16 -mfloat-abi=hard -mthumb -Wl,--start-group -lc -lm -lstdc++ -lsupc++ -Wl,--end-group
Finished building target: interactive.elf
 
arm-none-eabi-size   interactive.elf 
arm-none-eabi-objdump -h -S  interactive.elf  > "interactive.list"
   text	   data	    bss	    dec	    hex	filename
 228336	   1024	  27904	 257264	  3ecf0	interactive.elf
Finished building: default.size.stdout
 
Finished building: interactive.list
 

20:30:13 Build Finished. 0 errors, 13 warnings. (took 2s.175ms)

